minmea.h:185:21:minmea_tofloat	16	static
minmea.h:196:21:minmea_tocoord	24	static
nmea_gps.c:42:13:cb_push	24	static
nmea_gps.c:58:13:cb_pop	16	static
nmea_gps.c:74:12:gps_parse	16	static
nmea_gps.c:106:5:gps_init	8	static
nmea_gps.c:118:5:gps_push_byte	16	static
nmea_gps.c:124:5:on_gps_byte	16	static
nmea_gps.c:156:5:gps_work	112	static
nmea_gps.c:200:5:gps_get_coords	24	static
nmea_gps.c:211:5:gps_get_alt	16	static
nmea_gps.c:219:5:gps_get_time	24	static
nmea_gps.c:227:5:gps_get_gga	16	static
