nrf24_upper_api.c:9:5:nrf24_setup_rf	24	static
nrf24_upper_api.c:40:5:nrf24_setup_protocol	24	static
nrf24_upper_api.c:84:5:nrf24_pipe_rx_start	32	static
nrf24_upper_api.c:151:5:nrf24_pipe_rx_stop	24	static
nrf24_upper_api.c:161:5:nrf24_pipe_set_tx_addr	24	static
nrf24_upper_api.c:168:5:nrf24_mode_power_down	24	static
nrf24_upper_api.c:178:5:nrf24_mode_standby	24	static
nrf24_upper_api.c:189:5:nrf24_mode_tx	24	static
nrf24_upper_api.c:200:5:nrf24_mode_rx	24	static
nrf24_upper_api.c:211:5:nrf24_fifo_peek	32	static
nrf24_upper_api.c:233:5:nrf24_fifo_status	32	static
nrf24_upper_api.c:261:5:nrf24_fifo_read	32	static
nrf24_upper_api.c:273:5:nrf24_fifo_write	24	static
nrf24_upper_api.c:292:5:nrf24_fifo_write_ack_pld	24	static
nrf24_upper_api.c:311:5:nrf24_fifo_flush_tx	16	static
nrf24_upper_api.c:318:5:nrf24_fifo_flush_rx	16	static
nrf24_upper_api.c:325:5:nrf24_irq_mask_set	24	static
nrf24_upper_api.c:351:5:nrf24_irq_mask_get	24	static
nrf24_upper_api.c:373:5:nrf24_irq_get	24	static
nrf24_upper_api.c:382:5:nrf24_irq_clear	24	static
