lis3mdl_reg.c:49:9:lis3mdl_read_reg	40	static
lis3mdl_reg.c:70:9:lis3mdl_write_reg	40	static
lis3mdl_reg.c:93:9:lis3mdl_from_fs4_to_gauss	16	static
lis3mdl_reg.c:98:9:lis3mdl_from_fs8_to_gauss	16	static
lis3mdl_reg.c:103:9:lis3mdl_from_fs12_to_gauss	16	static
lis3mdl_reg.c:108:9:lis3mdl_from_fs16_to_gauss	16	static
lis3mdl_reg.c:113:9:lis3mdl_from_lsb_to_celsius	16	static
lis3mdl_reg.c:139:9:lis3mdl_data_rate_set	32	static
lis3mdl_reg.c:177:9:lis3mdl_data_rate_get	24	static
lis3mdl_reg.c:335:9:lis3mdl_temperature_meas_set	24	static
lis3mdl_reg.c:359:9:lis3mdl_temperature_meas_get	24	static
lis3mdl_reg.c:378:9:lis3mdl_full_scale_set	24	static
lis3mdl_reg.c:402:9:lis3mdl_full_scale_get	24	static
lis3mdl_reg.c:443:9:lis3mdl_operating_mode_set	24	static
lis3mdl_reg.c:468:9:lis3mdl_operating_mode_get	24	static
lis3mdl_reg.c:506:9:lis3mdl_fast_low_power_set	24	static
lis3mdl_reg.c:530:9:lis3mdl_fast_low_power_get	24	static
lis3mdl_reg.c:549:9:lis3mdl_block_data_update_set	24	static
lis3mdl_reg.c:573:9:lis3mdl_block_data_update_get	24	static
lis3mdl_reg.c:593:9:lis3mdl_high_part_cycle_set	24	static
lis3mdl_reg.c:618:9:lis3mdl_high_part_cycle_get	24	static
lis3mdl_reg.c:637:9:lis3mdl_mag_data_ready_get	24	static
lis3mdl_reg.c:657:9:lis3mdl_mag_data_ovr_get	24	static
lis3mdl_reg.c:676:9:lis3mdl_magnetic_raw_get	32	static
lis3mdl_reg.c:699:9:lis3mdl_temperature_raw_get	24	static
lis3mdl_reg.c:731:9:lis3mdl_device_id_get	24	static
lis3mdl_reg.c:747:9:lis3mdl_self_test_set	24	static
lis3mdl_reg.c:771:9:lis3mdl_self_test_get	24	static
lis3mdl_reg.c:790:9:lis3mdl_reset_set	24	static
lis3mdl_reg.c:814:9:lis3mdl_reset_get	24	static
lis3mdl_reg.c:833:9:lis3mdl_boot_set	24	static
lis3mdl_reg.c:857:9:lis3mdl_boot_get	24	static
lis3mdl_reg.c:876:9:lis3mdl_data_format_set	24	static
lis3mdl_reg.c:900:9:lis3mdl_data_format_get	24	static
lis3mdl_reg.c:933:9:lis3mdl_status_get	16	static
lis3mdl_reg.c:958:9:lis3mdl_int_config_set	16	static
lis3mdl_reg.c:972:9:lis3mdl_int_config_get	16	static
lis3mdl_reg.c:985:9:lis3mdl_int_generation_set	24	static
lis3mdl_reg.c:1009:9:lis3mdl_int_generation_get	24	static
lis3mdl_reg.c:1029:9:lis3mdl_int_notification_mode_set	24	static
lis3mdl_reg.c:1055:9:lis3mdl_int_notification_mode_get	24	static
lis3mdl_reg.c:1089:9:lis3mdl_int_polarity_set	24	static
lis3mdl_reg.c:1113:9:lis3mdl_int_polarity_get	24	static
lis3mdl_reg.c:1147:9:lis3mdl_int_on_z_ax_set	24	static
lis3mdl_reg.c:1171:9:lis3mdl_int_on_z_ax_get	24	static
lis3mdl_reg.c:1190:9:lis3mdl_int_on_y_ax_set	24	static
lis3mdl_reg.c:1214:9:lis3mdl_int_on_y_ax_get	24	static
lis3mdl_reg.c:1233:9:lis3mdl_int_on_x_ax_set	24	static
lis3mdl_reg.c:1257:9:lis3mdl_int_on_x_ax_get	24	static
lis3mdl_reg.c:1276:9:lis3mdl_int_source_get	16	static
lis3mdl_reg.c:1290:9:lis3mdl_interrupt_event_flag_get	24	static
lis3mdl_reg.c:1310:9:lis3mdl_int_mag_over_range_flag_get	24	static
lis3mdl_reg.c:1330:9:lis3mdl_int_neg_z_flag_get	24	static
lis3mdl_reg.c:1349:9:lis3mdl_int_neg_y_flag_get	24	static
lis3mdl_reg.c:1367:9:lis3mdl_int_neg_x_flag_get	24	static
lis3mdl_reg.c:1385:9:lis3mdl_int_pos_z_flag_get	24	static
lis3mdl_reg.c:1403:9:lis3mdl_int_pos_y_flag_get	24	static
lis3mdl_reg.c:1421:9:lis3mdl_int_pos_x_flag_get	24	static
lis3mdl_reg.c:1439:9:lis3mdl_int_threshold_set	24	static
lis3mdl_reg.c:1459:9:lis3mdl_int_threshold_get	24	static
lis3mdl_reg.c:1492:9:lis3mdl_spi_mode_set	24	static
lis3mdl_reg.c:1516:9:lis3mdl_spi_mode_get	24	static
